// Jest Snapshot v1, https://goo.gl/fbAQLP

exports[`Register renders correctly 1`] = `
ShallowWrapper {
  Symbol(enzyme.__root__): [Circular],
  Symbol(enzyme.__unrendered__): <Register />,
  Symbol(enzyme.__renderer__): Object {
    "batchedUpdates": [Function],
    "getNode": [Function],
    "render": [Function],
    "simulateError": [Function],
    "simulateEvent": [Function],
    "unmount": [Function],
  },
  Symbol(enzyme.__node__): Object {
    "instance": null,
    "key": undefined,
    "nodeType": "host",
    "props": Object {
      "children": Array [
        <h2>
          Register
        </h2>,
        <TextField
          id="name"
          label="full name"
          onChange={[Function]}
          required={true}
          select={false}
          type="name"
          value=""
          variant="standard"
        />,
        <TextField
          id="email"
          label="email"
          onChange={[Function]}
          required={true}
          select={false}
          type="email"
          value=""
          variant="standard"
        />,
        <TextField
          id="password"
          label="password"
          onChange={[Function]}
          required={true}
          select={false}
          type="password"
          value=""
          variant="standard"
        />,
        <TextField
          id="password_confirm"
          label="password confirm"
          onChange={[Function]}
          required={true}
          select={false}
          type="password"
          value=""
          variant="standard"
        />,
        <WithStyles(Button)
          id="submit"
          type="submit"
          variant="contained"
        >
          REGISTER
        </WithStyles(Button)>,
      ],
      "className": "login",
      "onSubmit": [Function],
    },
    "ref": null,
    "rendered": Array [
      Object {
        "instance": null,
        "key": undefined,
        "nodeType": "host",
        "props": Object {
          "children": "Register",
        },
        "ref": null,
        "rendered": "Register",
        "type": "h2",
      },
      Object {
        "instance": null,
        "key": undefined,
        "nodeType": "class",
        "props": Object {
          "id": "name",
          "label": "full name",
          "onChange": [Function],
          "required": true,
          "select": false,
          "type": "name",
          "value": "",
          "variant": "standard",
        },
        "ref": null,
        "rendered": null,
        "type": [Function],
      },
      Object {
        "instance": null,
        "key": undefined,
        "nodeType": "class",
        "props": Object {
          "id": "email",
          "label": "email",
          "onChange": [Function],
          "required": true,
          "select": false,
          "type": "email",
          "value": "",
          "variant": "standard",
        },
        "ref": null,
        "rendered": null,
        "type": [Function],
      },
      Object {
        "instance": null,
        "key": undefined,
        "nodeType": "class",
        "props": Object {
          "id": "password",
          "label": "password",
          "onChange": [Function],
          "required": true,
          "select": false,
          "type": "password",
          "value": "",
          "variant": "standard",
        },
        "ref": null,
        "rendered": null,
        "type": [Function],
      },
      Object {
        "instance": null,
        "key": undefined,
        "nodeType": "class",
        "props": Object {
          "id": "password_confirm",
          "label": "password confirm",
          "onChange": [Function],
          "required": true,
          "select": false,
          "type": "password",
          "value": "",
          "variant": "standard",
        },
        "ref": null,
        "rendered": null,
        "type": [Function],
      },
      Object {
        "instance": null,
        "key": undefined,
        "nodeType": "class",
        "props": Object {
          "children": "REGISTER",
          "id": "submit",
          "type": "submit",
          "variant": "contained",
        },
        "ref": null,
        "rendered": "REGISTER",
        "type": [Function],
      },
    ],
    "type": "form",
  },
  Symbol(enzyme.__nodes__): Array [
    Object {
      "instance": null,
      "key": undefined,
      "nodeType": "host",
      "props": Object {
        "children": Array [
          <h2>
            Register
          </h2>,
          <TextField
            id="name"
            label="full name"
            onChange={[Function]}
            required={true}
            select={false}
            type="name"
            value=""
            variant="standard"
          />,
          <TextField
            id="email"
            label="email"
            onChange={[Function]}
            required={true}
            select={false}
            type="email"
            value=""
            variant="standard"
          />,
          <TextField
            id="password"
            label="password"
            onChange={[Function]}
            required={true}
            select={false}
            type="password"
            value=""
            variant="standard"
          />,
          <TextField
            id="password_confirm"
            label="password confirm"
            onChange={[Function]}
            required={true}
            select={false}
            type="password"
            value=""
            variant="standard"
          />,
          <WithStyles(Button)
            id="submit"
            type="submit"
            variant="contained"
          >
            REGISTER
          </WithStyles(Button)>,
        ],
        "className": "login",
        "onSubmit": [Function],
      },
      "ref": null,
      "rendered": Array [
        Object {
          "instance": null,
          "key": undefined,
          "nodeType": "host",
          "props": Object {
            "children": "Register",
          },
          "ref": null,
          "rendered": "Register",
          "type": "h2",
        },
        Object {
          "instance": null,
          "key": undefined,
          "nodeType": "class",
          "props": Object {
            "id": "name",
            "label": "full name",
            "onChange": [Function],
            "required": true,
            "select": false,
            "type": "name",
            "value": "",
            "variant": "standard",
          },
          "ref": null,
          "rendered": null,
          "type": [Function],
        },
        Object {
          "instance": null,
          "key": undefined,
          "nodeType": "class",
          "props": Object {
            "id": "email",
            "label": "email",
            "onChange": [Function],
            "required": true,
            "select": false,
            "type": "email",
            "value": "",
            "variant": "standard",
          },
          "ref": null,
          "rendered": null,
          "type": [Function],
        },
        Object {
          "instance": null,
          "key": undefined,
          "nodeType": "class",
          "props": Object {
            "id": "password",
            "label": "password",
            "onChange": [Function],
            "required": true,
            "select": false,
            "type": "password",
            "value": "",
            "variant": "standard",
          },
          "ref": null,
          "rendered": null,
          "type": [Function],
        },
        Object {
          "instance": null,
          "key": undefined,
          "nodeType": "class",
          "props": Object {
            "id": "password_confirm",
            "label": "password confirm",
            "onChange": [Function],
            "required": true,
            "select": false,
            "type": "password",
            "value": "",
            "variant": "standard",
          },
          "ref": null,
          "rendered": null,
          "type": [Function],
        },
        Object {
          "instance": null,
          "key": undefined,
          "nodeType": "class",
          "props": Object {
            "children": "REGISTER",
            "id": "submit",
            "type": "submit",
            "variant": "contained",
          },
          "ref": null,
          "rendered": "REGISTER",
          "type": [Function],
        },
      ],
      "type": "form",
    },
  ],
  Symbol(enzyme.__options__): Object {
    "adapter": ReactSixteenThreeAdapter {
      "options": Object {
        "enableComponentDidUpdateOnSetState": true,
        "lifecycles": Object {
          "componentDidUpdate": Object {
            "onSetState": true,
          },
          "getDerivedStateFromProps": true,
          "getSnapshotBeforeUpdate": true,
          "setState": Object {
            "skipsComponentDidUpdateOnNullish": true,
          },
        },
      },
    },
  },
}
`;
