// Jest Snapshot v1, https://goo.gl/fbAQLP

exports[`<TicketsList /> renders correctly 1`] = `
ShallowWrapper {
  Symbol(enzyme.__root__): [Circular],
  Symbol(enzyme.__unrendered__): <TicketsList />,
  Symbol(enzyme.__renderer__): Object {
    "batchedUpdates": [Function],
    "getNode": [Function],
    "render": [Function],
    "simulateError": [Function],
    "simulateEvent": [Function],
    "unmount": [Function],
  },
  Symbol(enzyme.__node__): Object {
    "instance": null,
    "key": undefined,
    "nodeType": "host",
    "props": Object {
      "children": <AgGridReact
        columnDefs={
          Array [
            Object {
              "field": "id",
              "headerName": "ID",
            },
            Object {
              "field": "status",
              "headerName": "Status",
            },
            Object {
              "field": "title",
              "headerName": "Title",
            },
            Object {
              "field": "description",
              "headerName": "Description",
            },
          ]
        }
      />,
      "className": "ag-theme-balham",
      "style": Object {
        "height": "300px",
        "width": "500px",
      },
    },
    "ref": null,
    "rendered": Object {
      "instance": null,
      "key": undefined,
      "nodeType": "class",
      "props": Object {
        "columnDefs": Array [
          Object {
            "field": "id",
            "headerName": "ID",
          },
          Object {
            "field": "status",
            "headerName": "Status",
          },
          Object {
            "field": "title",
            "headerName": "Title",
          },
          Object {
            "field": "description",
            "headerName": "Description",
          },
        ],
        "rowData": undefined,
      },
      "ref": null,
      "rendered": null,
      "type": [Function],
    },
    "type": "div",
  },
  Symbol(enzyme.__nodes__): Array [
    Object {
      "instance": null,
      "key": undefined,
      "nodeType": "host",
      "props": Object {
        "children": <AgGridReact
          columnDefs={
            Array [
              Object {
                "field": "id",
                "headerName": "ID",
              },
              Object {
                "field": "status",
                "headerName": "Status",
              },
              Object {
                "field": "title",
                "headerName": "Title",
              },
              Object {
                "field": "description",
                "headerName": "Description",
              },
            ]
          }
        />,
        "className": "ag-theme-balham",
        "style": Object {
          "height": "300px",
          "width": "500px",
        },
      },
      "ref": null,
      "rendered": Object {
        "instance": null,
        "key": undefined,
        "nodeType": "class",
        "props": Object {
          "columnDefs": Array [
            Object {
              "field": "id",
              "headerName": "ID",
            },
            Object {
              "field": "status",
              "headerName": "Status",
            },
            Object {
              "field": "title",
              "headerName": "Title",
            },
            Object {
              "field": "description",
              "headerName": "Description",
            },
          ],
          "rowData": undefined,
        },
        "ref": null,
        "rendered": null,
        "type": [Function],
      },
      "type": "div",
    },
  ],
  Symbol(enzyme.__options__): Object {
    "adapter": ReactSixteenThreeAdapter {
      "options": Object {
        "enableComponentDidUpdateOnSetState": true,
        "lifecycles": Object {
          "componentDidUpdate": Object {
            "onSetState": true,
          },
          "getDerivedStateFromProps": true,
          "getSnapshotBeforeUpdate": true,
          "setState": Object {
            "skipsComponentDidUpdateOnNullish": true,
          },
        },
      },
    },
  },
}
`;
