// Jest Snapshot v1, https://goo.gl/fbAQLP

exports[`<MenuAppBar /> renders correctly 1`] = `
ShallowWrapper {
  Symbol(enzyme.__root__): [Circular],
  Symbol(enzyme.__unrendered__): <MenuAppBar
    auth={
      Object {
        "isAuthenticated": false,
        "user": Object {},
      }
    }
  />,
  Symbol(enzyme.__renderer__): Object {
    "batchedUpdates": [Function],
    "getNode": [Function],
    "render": [Function],
    "simulateError": [Function],
    "simulateEvent": [Function],
    "unmount": [Function],
  },
  Symbol(enzyme.__node__): Object {
    "instance": null,
    "key": undefined,
    "nodeType": "host",
    "props": Object {
      "children": <WithStyles(AppBar)
        position="static"
      >
        <WithStyles(Toolbar)>
          <WithStyles(IconButton)
            aria-label="Menu"
            className="menu-btn"
            color="inherit"
            onClick={[Function]}
          >
            <pure(MenuIcon) />
          </WithStyles(IconButton)>
          <h1>
            Ticketing App
          </h1>
          <WithStyles(Menu)
            anchorEl={null}
            anchorOrigin={
              Object {
                "horizontal": "right",
                "vertical": "top",
              }
            }
            id="menu-appbar"
            onClose={[Function]}
            open={false}
            transformOrigin={
              Object {
                "horizontal": "right",
                "vertical": "top",
              }
            }
          >
            <div>
              <Link
                replace={false}
                to="/register"
              >
                <WithStyles(MenuItem)
                  onClick={[Function]}
                >
                  Register
                </WithStyles(MenuItem)>
              </Link>
              <Link
                replace={false}
                to="/login"
              >
                <WithStyles(MenuItem)
                  onClick={[Function]}
                >
                  Login
                </WithStyles(MenuItem)>
              </Link>
            </div>
          </WithStyles(Menu)>
        </WithStyles(Toolbar)>
      </WithStyles(AppBar)>,
      "className": "root",
    },
    "ref": null,
    "rendered": Object {
      "instance": null,
      "key": undefined,
      "nodeType": "class",
      "props": Object {
        "children": <WithStyles(Toolbar)>
          <WithStyles(IconButton)
            aria-label="Menu"
            className="menu-btn"
            color="inherit"
            onClick={[Function]}
          >
            <pure(MenuIcon) />
          </WithStyles(IconButton)>
          <h1>
            Ticketing App
          </h1>
          <WithStyles(Menu)
            anchorEl={null}
            anchorOrigin={
              Object {
                "horizontal": "right",
                "vertical": "top",
              }
            }
            id="menu-appbar"
            onClose={[Function]}
            open={false}
            transformOrigin={
              Object {
                "horizontal": "right",
                "vertical": "top",
              }
            }
          >
            <div>
              <Link
                replace={false}
                to="/register"
              >
                <WithStyles(MenuItem)
                  onClick={[Function]}
                >
                  Register
                </WithStyles(MenuItem)>
              </Link>
              <Link
                replace={false}
                to="/login"
              >
                <WithStyles(MenuItem)
                  onClick={[Function]}
                >
                  Login
                </WithStyles(MenuItem)>
              </Link>
            </div>
          </WithStyles(Menu)>
        </WithStyles(Toolbar)>,
        "position": "static",
      },
      "ref": null,
      "rendered": Object {
        "instance": null,
        "key": undefined,
        "nodeType": "class",
        "props": Object {
          "children": Array [
            <WithStyles(IconButton)
              aria-label="Menu"
              className="menu-btn"
              color="inherit"
              onClick={[Function]}
            >
              <pure(MenuIcon) />
            </WithStyles(IconButton)>,
            <h1>
              Ticketing App
            </h1>,
            <WithStyles(Menu)
              anchorEl={null}
              anchorOrigin={
                Object {
                  "horizontal": "right",
                  "vertical": "top",
                }
              }
              id="menu-appbar"
              onClose={[Function]}
              open={false}
              transformOrigin={
                Object {
                  "horizontal": "right",
                  "vertical": "top",
                }
              }
            >
              <div>
                <Link
                  replace={false}
                  to="/register"
                >
                  <WithStyles(MenuItem)
                    onClick={[Function]}
                  >
                    Register
                  </WithStyles(MenuItem)>
                </Link>
                <Link
                  replace={false}
                  to="/login"
                >
                  <WithStyles(MenuItem)
                    onClick={[Function]}
                  >
                    Login
                  </WithStyles(MenuItem)>
                </Link>
              </div>
            </WithStyles(Menu)>,
          ],
        },
        "ref": null,
        "rendered": Array [
          Object {
            "instance": null,
            "key": undefined,
            "nodeType": "class",
            "props": Object {
              "aria-label": "Menu",
              "children": <pure(MenuIcon) />,
              "className": "menu-btn",
              "color": "inherit",
              "onClick": [Function],
            },
            "ref": null,
            "rendered": Object {
              "instance": null,
              "key": undefined,
              "nodeType": "class",
              "props": Object {},
              "ref": null,
              "rendered": null,
              "type": [Function],
            },
            "type": [Function],
          },
          Object {
            "instance": null,
            "key": undefined,
            "nodeType": "host",
            "props": Object {
              "children": "Ticketing App",
            },
            "ref": null,
            "rendered": "Ticketing App",
            "type": "h1",
          },
          Object {
            "instance": null,
            "key": undefined,
            "nodeType": "class",
            "props": Object {
              "anchorEl": null,
              "anchorOrigin": Object {
                "horizontal": "right",
                "vertical": "top",
              },
              "children": <div>
                <Link
                  replace={false}
                  to="/register"
                >
                  <WithStyles(MenuItem)
                    onClick={[Function]}
                  >
                    Register
                  </WithStyles(MenuItem)>
                </Link>
                <Link
                  replace={false}
                  to="/login"
                >
                  <WithStyles(MenuItem)
                    onClick={[Function]}
                  >
                    Login
                  </WithStyles(MenuItem)>
                </Link>
              </div>,
              "id": "menu-appbar",
              "onClose": [Function],
              "open": false,
              "transformOrigin": Object {
                "horizontal": "right",
                "vertical": "top",
              },
            },
            "ref": null,
            "rendered": Object {
              "instance": null,
              "key": undefined,
              "nodeType": "host",
              "props": Object {
                "children": Array [
                  <Link
                    replace={false}
                    to="/register"
                  >
                    <WithStyles(MenuItem)
                      onClick={[Function]}
                    >
                      Register
                    </WithStyles(MenuItem)>
                  </Link>,
                  <Link
                    replace={false}
                    to="/login"
                  >
                    <WithStyles(MenuItem)
                      onClick={[Function]}
                    >
                      Login
                    </WithStyles(MenuItem)>
                  </Link>,
                ],
              },
              "ref": null,
              "rendered": Array [
                Object {
                  "instance": null,
                  "key": undefined,
                  "nodeType": "class",
                  "props": Object {
                    "children": <WithStyles(MenuItem)
                      onClick={[Function]}
                    >
                      Register
                    </WithStyles(MenuItem)>,
                    "replace": false,
                    "to": "/register",
                  },
                  "ref": null,
                  "rendered": Object {
                    "instance": null,
                    "key": undefined,
                    "nodeType": "class",
                    "props": Object {
                      "children": "Register",
                      "onClick": [Function],
                    },
                    "ref": null,
                    "rendered": "Register",
                    "type": [Function],
                  },
                  "type": [Function],
                },
                Object {
                  "instance": null,
                  "key": undefined,
                  "nodeType": "class",
                  "props": Object {
                    "children": <WithStyles(MenuItem)
                      onClick={[Function]}
                    >
                      Login
                    </WithStyles(MenuItem)>,
                    "replace": false,
                    "to": "/login",
                  },
                  "ref": null,
                  "rendered": Object {
                    "instance": null,
                    "key": undefined,
                    "nodeType": "class",
                    "props": Object {
                      "children": "Login",
                      "onClick": [Function],
                    },
                    "ref": null,
                    "rendered": "Login",
                    "type": [Function],
                  },
                  "type": [Function],
                },
              ],
              "type": "div",
            },
            "type": [Function],
          },
        ],
        "type": [Function],
      },
      "type": [Function],
    },
    "type": "div",
  },
  Symbol(enzyme.__nodes__): Array [
    Object {
      "instance": null,
      "key": undefined,
      "nodeType": "host",
      "props": Object {
        "children": <WithStyles(AppBar)
          position="static"
        >
          <WithStyles(Toolbar)>
            <WithStyles(IconButton)
              aria-label="Menu"
              className="menu-btn"
              color="inherit"
              onClick={[Function]}
            >
              <pure(MenuIcon) />
            </WithStyles(IconButton)>
            <h1>
              Ticketing App
            </h1>
            <WithStyles(Menu)
              anchorEl={null}
              anchorOrigin={
                Object {
                  "horizontal": "right",
                  "vertical": "top",
                }
              }
              id="menu-appbar"
              onClose={[Function]}
              open={false}
              transformOrigin={
                Object {
                  "horizontal": "right",
                  "vertical": "top",
                }
              }
            >
              <div>
                <Link
                  replace={false}
                  to="/register"
                >
                  <WithStyles(MenuItem)
                    onClick={[Function]}
                  >
                    Register
                  </WithStyles(MenuItem)>
                </Link>
                <Link
                  replace={false}
                  to="/login"
                >
                  <WithStyles(MenuItem)
                    onClick={[Function]}
                  >
                    Login
                  </WithStyles(MenuItem)>
                </Link>
              </div>
            </WithStyles(Menu)>
          </WithStyles(Toolbar)>
        </WithStyles(AppBar)>,
        "className": "root",
      },
      "ref": null,
      "rendered": Object {
        "instance": null,
        "key": undefined,
        "nodeType": "class",
        "props": Object {
          "children": <WithStyles(Toolbar)>
            <WithStyles(IconButton)
              aria-label="Menu"
              className="menu-btn"
              color="inherit"
              onClick={[Function]}
            >
              <pure(MenuIcon) />
            </WithStyles(IconButton)>
            <h1>
              Ticketing App
            </h1>
            <WithStyles(Menu)
              anchorEl={null}
              anchorOrigin={
                Object {
                  "horizontal": "right",
                  "vertical": "top",
                }
              }
              id="menu-appbar"
              onClose={[Function]}
              open={false}
              transformOrigin={
                Object {
                  "horizontal": "right",
                  "vertical": "top",
                }
              }
            >
              <div>
                <Link
                  replace={false}
                  to="/register"
                >
                  <WithStyles(MenuItem)
                    onClick={[Function]}
                  >
                    Register
                  </WithStyles(MenuItem)>
                </Link>
                <Link
                  replace={false}
                  to="/login"
                >
                  <WithStyles(MenuItem)
                    onClick={[Function]}
                  >
                    Login
                  </WithStyles(MenuItem)>
                </Link>
              </div>
            </WithStyles(Menu)>
          </WithStyles(Toolbar)>,
          "position": "static",
        },
        "ref": null,
        "rendered": Object {
          "instance": null,
          "key": undefined,
          "nodeType": "class",
          "props": Object {
            "children": Array [
              <WithStyles(IconButton)
                aria-label="Menu"
                className="menu-btn"
                color="inherit"
                onClick={[Function]}
              >
                <pure(MenuIcon) />
              </WithStyles(IconButton)>,
              <h1>
                Ticketing App
              </h1>,
              <WithStyles(Menu)
                anchorEl={null}
                anchorOrigin={
                  Object {
                    "horizontal": "right",
                    "vertical": "top",
                  }
                }
                id="menu-appbar"
                onClose={[Function]}
                open={false}
                transformOrigin={
                  Object {
                    "horizontal": "right",
                    "vertical": "top",
                  }
                }
              >
                <div>
                  <Link
                    replace={false}
                    to="/register"
                  >
                    <WithStyles(MenuItem)
                      onClick={[Function]}
                    >
                      Register
                    </WithStyles(MenuItem)>
                  </Link>
                  <Link
                    replace={false}
                    to="/login"
                  >
                    <WithStyles(MenuItem)
                      onClick={[Function]}
                    >
                      Login
                    </WithStyles(MenuItem)>
                  </Link>
                </div>
              </WithStyles(Menu)>,
            ],
          },
          "ref": null,
          "rendered": Array [
            Object {
              "instance": null,
              "key": undefined,
              "nodeType": "class",
              "props": Object {
                "aria-label": "Menu",
                "children": <pure(MenuIcon) />,
                "className": "menu-btn",
                "color": "inherit",
                "onClick": [Function],
              },
              "ref": null,
              "rendered": Object {
                "instance": null,
                "key": undefined,
                "nodeType": "class",
                "props": Object {},
                "ref": null,
                "rendered": null,
                "type": [Function],
              },
              "type": [Function],
            },
            Object {
              "instance": null,
              "key": undefined,
              "nodeType": "host",
              "props": Object {
                "children": "Ticketing App",
              },
              "ref": null,
              "rendered": "Ticketing App",
              "type": "h1",
            },
            Object {
              "instance": null,
              "key": undefined,
              "nodeType": "class",
              "props": Object {
                "anchorEl": null,
                "anchorOrigin": Object {
                  "horizontal": "right",
                  "vertical": "top",
                },
                "children": <div>
                  <Link
                    replace={false}
                    to="/register"
                  >
                    <WithStyles(MenuItem)
                      onClick={[Function]}
                    >
                      Register
                    </WithStyles(MenuItem)>
                  </Link>
                  <Link
                    replace={false}
                    to="/login"
                  >
                    <WithStyles(MenuItem)
                      onClick={[Function]}
                    >
                      Login
                    </WithStyles(MenuItem)>
                  </Link>
                </div>,
                "id": "menu-appbar",
                "onClose": [Function],
                "open": false,
                "transformOrigin": Object {
                  "horizontal": "right",
                  "vertical": "top",
                },
              },
              "ref": null,
              "rendered": Object {
                "instance": null,
                "key": undefined,
                "nodeType": "host",
                "props": Object {
                  "children": Array [
                    <Link
                      replace={false}
                      to="/register"
                    >
                      <WithStyles(MenuItem)
                        onClick={[Function]}
                      >
                        Register
                      </WithStyles(MenuItem)>
                    </Link>,
                    <Link
                      replace={false}
                      to="/login"
                    >
                      <WithStyles(MenuItem)
                        onClick={[Function]}
                      >
                        Login
                      </WithStyles(MenuItem)>
                    </Link>,
                  ],
                },
                "ref": null,
                "rendered": Array [
                  Object {
                    "instance": null,
                    "key": undefined,
                    "nodeType": "class",
                    "props": Object {
                      "children": <WithStyles(MenuItem)
                        onClick={[Function]}
                      >
                        Register
                      </WithStyles(MenuItem)>,
                      "replace": false,
                      "to": "/register",
                    },
                    "ref": null,
                    "rendered": Object {
                      "instance": null,
                      "key": undefined,
                      "nodeType": "class",
                      "props": Object {
                        "children": "Register",
                        "onClick": [Function],
                      },
                      "ref": null,
                      "rendered": "Register",
                      "type": [Function],
                    },
                    "type": [Function],
                  },
                  Object {
                    "instance": null,
                    "key": undefined,
                    "nodeType": "class",
                    "props": Object {
                      "children": <WithStyles(MenuItem)
                        onClick={[Function]}
                      >
                        Login
                      </WithStyles(MenuItem)>,
                      "replace": false,
                      "to": "/login",
                    },
                    "ref": null,
                    "rendered": Object {
                      "instance": null,
                      "key": undefined,
                      "nodeType": "class",
                      "props": Object {
                        "children": "Login",
                        "onClick": [Function],
                      },
                      "ref": null,
                      "rendered": "Login",
                      "type": [Function],
                    },
                    "type": [Function],
                  },
                ],
                "type": "div",
              },
              "type": [Function],
            },
          ],
          "type": [Function],
        },
        "type": [Function],
      },
      "type": "div",
    },
  ],
  Symbol(enzyme.__options__): Object {
    "adapter": ReactSixteenThreeAdapter {
      "options": Object {
        "enableComponentDidUpdateOnSetState": true,
        "lifecycles": Object {
          "componentDidUpdate": Object {
            "onSetState": true,
          },
          "getDerivedStateFromProps": true,
          "getSnapshotBeforeUpdate": true,
          "setState": Object {
            "skipsComponentDidUpdateOnNullish": true,
          },
        },
      },
    },
  },
}
`;
